[2019-05-08T11:31:37.817+0300][gc,heap] Heap region size: 1M
[2019-05-08T11:31:37.831+0300][gc     ] Using G1
[2019-05-08T11:31:37.831+0300][gc,heap,coops] Heap address: 0x00000007c0000000, size: 1024 MB, Compressed Oops mode: Zero based, Oop shift amount: 3
[2019-05-08T11:31:39.030+0300][gc,start     ] GC(0) Pause Young (Concurrent Start) (Metadata GC Threshold)
[2019-05-08T11:31:39.030+0300][gc,task      ] GC(0) Using 8 workers of 8 for evacuation
[2019-05-08T11:31:39.039+0300][gc,phases    ] GC(0)   Pre Evacuate Collection Set: 0.0ms
[2019-05-08T11:31:39.039+0300][gc,phases    ] GC(0)   Evacuate Collection Set: 7.5ms
[2019-05-08T11:31:39.039+0300][gc,phases    ] GC(0)   Post Evacuate Collection Set: 0.4ms
[2019-05-08T11:31:39.039+0300][gc,phases    ] GC(0)   Other: 0.8ms
[2019-05-08T11:31:39.039+0300][gc,heap      ] GC(0) Eden regions: 37->0(45)
[2019-05-08T11:31:39.039+0300][gc,heap      ] GC(0) Survivor regions: 0->6(7)
[2019-05-08T11:31:39.039+0300][gc,heap      ] GC(0) Old regions: 0->0
[2019-05-08T11:31:39.039+0300][gc,heap      ] GC(0) Humongous regions: 0->0
[2019-05-08T11:31:39.039+0300][gc,metaspace ] GC(0) Metaspace: 20750K->20750K(1069056K)
[2019-05-08T11:31:39.039+0300][gc           ] GC(0) Pause Young (Concurrent Start) (Metadata GC Threshold) 37M->5M(1024M) 9.597ms
[2019-05-08T11:31:39.039+0300][gc,cpu       ] GC(0) User=0.02s Sys=0.00s Real=0.00s
[2019-05-08T11:31:39.039+0300][gc           ] GC(1) Concurrent Cycle
[2019-05-08T11:31:39.040+0300][gc,marking   ] GC(1) Concurrent Clear Claimed Marks
[2019-05-08T11:31:39.040+0300][gc,marking   ] GC(1) Concurrent Clear Claimed Marks 0.035ms
[2019-05-08T11:31:39.040+0300][gc,marking   ] GC(1) Concurrent Scan Root Regions
[2019-05-08T11:31:39.042+0300][gc,marking   ] GC(1) Concurrent Scan Root Regions 2.040ms
[2019-05-08T11:31:39.042+0300][gc,marking   ] GC(1) Concurrent Mark (1.234s)
[2019-05-08T11:31:39.042+0300][gc,marking   ] GC(1) Concurrent Mark From Roots
[2019-05-08T11:31:39.042+0300][gc,task      ] GC(1) Using 2 workers of 2 for marking
[2019-05-08T11:31:39.042+0300][gc,marking   ] GC(1) Concurrent Mark From Roots 0.151ms
[2019-05-08T11:31:39.042+0300][gc,marking   ] GC(1) Concurrent Preclean
[2019-05-08T11:31:39.042+0300][gc,marking   ] GC(1) Concurrent Preclean 0.031ms
[2019-05-08T11:31:39.042+0300][gc,marking   ] GC(1) Concurrent Mark (1.234s, 1.234s) 0.228ms
[2019-05-08T11:31:39.042+0300][gc,start     ] GC(1) Pause Remark
[2019-05-08T11:31:39.044+0300][gc,stringtable] GC(1) Cleaned string and symbol table, strings: 7320 processed, 0 removed, symbols: 63674 processed, 42 removed
[2019-05-08T11:31:39.044+0300][gc            ] GC(1) Pause Remark 6M->6M(1024M) 1.700ms
[2019-05-08T11:31:39.044+0300][gc,cpu        ] GC(1) User=0.01s Sys=0.00s Real=0.00s
[2019-05-08T11:31:39.044+0300][gc,marking    ] GC(1) Concurrent Rebuild Remembered Sets
[2019-05-08T11:31:39.044+0300][gc,marking    ] GC(1) Concurrent Rebuild Remembered Sets 0.075ms
[2019-05-08T11:31:39.044+0300][gc,start      ] GC(1) Pause Cleanup
[2019-05-08T11:31:39.044+0300][gc            ] GC(1) Pause Cleanup 6M->6M(1024M) 0.249ms
[2019-05-08T11:31:39.045+0300][gc,cpu        ] GC(1) User=0.00s Sys=0.00s Real=0.00s
[2019-05-08T11:31:39.045+0300][gc,marking    ] GC(1) Concurrent Cleanup for Next Mark
[2019-05-08T11:31:39.053+0300][gc,marking    ] GC(1) Concurrent Cleanup for Next Mark 8.543ms
[2019-05-08T11:31:39.053+0300][gc            ] GC(1) Concurrent Cycle 13.700ms
[2019-05-08T11:31:44.137+0300][gc,heap,exit  ] Heap
[2019-05-08T11:31:44.137+0300][gc,heap,exit  ]  garbage-first heap   total 1048576K, used 10194K [0x00000007c0000000, 0x0000000800000000)
[2019-05-08T11:31:44.137+0300][gc,heap,exit  ]   region size 1024K, 11 young (11264K), 6 survivors (6144K)
[2019-05-08T11:31:44.137+0300][gc,heap,exit  ]  Metaspace       used 21321K, capacity 21764K, committed 21884K, reserved 1069056K
[2019-05-08T11:31:44.137+0300][gc,heap,exit  ]   class space    used 2614K, capacity 2799K, committed 2816K, reserved 1048576K
