[2019-05-08T11:32:22.668+0300][gc,heap] Heap region size: 1M
[2019-05-08T11:32:22.682+0300][gc     ] Using G1
[2019-05-08T11:32:22.682+0300][gc,heap,coops] Heap address: 0x00000007c0000000, size: 1024 MB, Compressed Oops mode: Zero based, Oop shift amount: 3
[2019-05-08T11:32:23.799+0300][gc,start     ] GC(0) Pause Young (Concurrent Start) (Metadata GC Threshold)
[2019-05-08T11:32:23.800+0300][gc,task      ] GC(0) Using 8 workers of 8 for evacuation
[2019-05-08T11:32:23.810+0300][gc,phases    ] GC(0)   Pre Evacuate Collection Set: 0.0ms
[2019-05-08T11:32:23.811+0300][gc,phases    ] GC(0)   Evacuate Collection Set: 10.1ms
[2019-05-08T11:32:23.811+0300][gc,phases    ] GC(0)   Post Evacuate Collection Set: 0.6ms
[2019-05-08T11:32:23.811+0300][gc,phases    ] GC(0)   Other: 0.8ms
[2019-05-08T11:32:23.811+0300][gc,heap      ] GC(0) Eden regions: 37->0(45)
[2019-05-08T11:32:23.811+0300][gc,heap      ] GC(0) Survivor regions: 0->6(7)
[2019-05-08T11:32:23.811+0300][gc,heap      ] GC(0) Old regions: 0->0
[2019-05-08T11:32:23.811+0300][gc,heap      ] GC(0) Humongous regions: 0->0
[2019-05-08T11:32:23.811+0300][gc,metaspace ] GC(0) Metaspace: 20752K->20752K(1069056K)
[2019-05-08T11:32:23.811+0300][gc           ] GC(0) Pause Young (Concurrent Start) (Metadata GC Threshold) 37M->5M(1024M) 11.660ms
[2019-05-08T11:32:23.811+0300][gc,cpu       ] GC(0) User=0.03s Sys=0.01s Real=0.02s
[2019-05-08T11:32:23.811+0300][gc           ] GC(1) Concurrent Cycle
[2019-05-08T11:32:23.811+0300][gc,marking   ] GC(1) Concurrent Clear Claimed Marks
[2019-05-08T11:32:23.811+0300][gc,marking   ] GC(1) Concurrent Clear Claimed Marks 0.033ms
[2019-05-08T11:32:23.811+0300][gc,marking   ] GC(1) Concurrent Scan Root Regions
[2019-05-08T11:32:23.814+0300][gc,marking   ] GC(1) Concurrent Scan Root Regions 2.848ms
[2019-05-08T11:32:23.814+0300][gc,marking   ] GC(1) Concurrent Mark (1.155s)
[2019-05-08T11:32:23.814+0300][gc,marking   ] GC(1) Concurrent Mark From Roots
[2019-05-08T11:32:23.814+0300][gc,task      ] GC(1) Using 2 workers of 2 for marking
[2019-05-08T11:32:23.814+0300][gc,marking   ] GC(1) Concurrent Mark From Roots 0.254ms
[2019-05-08T11:32:23.814+0300][gc,marking   ] GC(1) Concurrent Preclean
[2019-05-08T11:32:23.814+0300][gc,marking   ] GC(1) Concurrent Preclean 0.079ms
[2019-05-08T11:32:23.814+0300][gc,marking   ] GC(1) Concurrent Mark (1.155s, 1.155s) 0.429ms
[2019-05-08T11:32:23.814+0300][gc,start     ] GC(1) Pause Remark
[2019-05-08T11:32:23.817+0300][gc,stringtable] GC(1) Cleaned string and symbol table, strings: 7312 processed, 0 removed, symbols: 63679 processed, 42 removed
[2019-05-08T11:32:23.817+0300][gc            ] GC(1) Pause Remark 6M->6M(1024M) 2.625ms
[2019-05-08T11:32:23.817+0300][gc,cpu        ] GC(1) User=0.02s Sys=0.00s Real=0.00s
[2019-05-08T11:32:23.817+0300][gc,marking    ] GC(1) Concurrent Rebuild Remembered Sets
[2019-05-08T11:32:23.817+0300][gc,marking    ] GC(1) Concurrent Rebuild Remembered Sets 0.084ms
[2019-05-08T11:32:23.817+0300][gc,start      ] GC(1) Pause Cleanup
[2019-05-08T11:32:23.818+0300][gc            ] GC(1) Pause Cleanup 6M->6M(1024M) 0.182ms
[2019-05-08T11:32:23.818+0300][gc,cpu        ] GC(1) User=0.00s Sys=0.00s Real=0.00s
[2019-05-08T11:32:23.818+0300][gc,marking    ] GC(1) Concurrent Cleanup for Next Mark
[2019-05-08T11:32:23.827+0300][gc,marking    ] GC(1) Concurrent Cleanup for Next Mark 8.933ms
[2019-05-08T11:32:23.827+0300][gc            ] GC(1) Concurrent Cycle 15.835ms
[2019-05-08T11:32:24.980+0300][gc,start      ] GC(2) Pause Young (Normal) (G1 Evacuation Pause)
[2019-05-08T11:32:24.980+0300][gc,task       ] GC(2) Using 8 workers of 8 for evacuation
[2019-05-08T11:32:24.990+0300][gc,phases     ] GC(2)   Pre Evacuate Collection Set: 0.0ms
[2019-05-08T11:32:24.990+0300][gc,phases     ] GC(2)   Evacuate Collection Set: 9.1ms
[2019-05-08T11:32:24.990+0300][gc,phases     ] GC(2)   Post Evacuate Collection Set: 0.6ms
[2019-05-08T11:32:24.990+0300][gc,phases     ] GC(2)   Other: 0.3ms
[2019-05-08T11:32:24.990+0300][gc,heap       ] GC(2) Eden regions: 45->0(47)
[2019-05-08T11:32:24.990+0300][gc,heap       ] GC(2) Survivor regions: 6->4(7)
[2019-05-08T11:32:24.990+0300][gc,heap       ] GC(2) Old regions: 0->7
[2019-05-08T11:32:24.990+0300][gc,heap       ] GC(2) Humongous regions: 129->129
[2019-05-08T11:32:24.990+0300][gc,metaspace  ] GC(2) Metaspace: 30546K->30546K(1077248K)
[2019-05-08T11:32:24.990+0300][gc            ] GC(2) Pause Young (Normal) (G1 Evacuation Pause) 179M->138M(1024M) 10.210ms
[2019-05-08T11:32:24.990+0300][gc,cpu        ] GC(2) User=0.05s Sys=0.01s Real=0.01s
[2019-05-08T11:32:25.267+0300][gc,start      ] GC(3) Pause Young (Concurrent Start) (Metadata GC Threshold)
[2019-05-08T11:32:25.267+0300][gc,task       ] GC(3) Using 8 workers of 8 for evacuation
[2019-05-08T11:32:25.273+0300][gc,phases     ] GC(3)   Pre Evacuate Collection Set: 0.2ms
[2019-05-08T11:32:25.273+0300][gc,phases     ] GC(3)   Evacuate Collection Set: 5.1ms
[2019-05-08T11:32:25.273+0300][gc,phases     ] GC(3)   Post Evacuate Collection Set: 0.4ms
[2019-05-08T11:32:25.273+0300][gc,phases     ] GC(3)   Other: 0.5ms
[2019-05-08T11:32:25.273+0300][gc,heap       ] GC(3) Eden regions: 19->0(46)
[2019-05-08T11:32:25.273+0300][gc,heap       ] GC(3) Survivor regions: 4->5(7)
[2019-05-08T11:32:25.273+0300][gc,heap       ] GC(3) Old regions: 7->7
[2019-05-08T11:32:25.273+0300][gc,heap       ] GC(3) Humongous regions: 129->129
[2019-05-08T11:32:25.273+0300][gc,metaspace  ] GC(3) Metaspace: 34529K->34529K(1081344K)
[2019-05-08T11:32:25.273+0300][gc            ] GC(3) Pause Young (Concurrent Start) (Metadata GC Threshold) 157M->139M(1024M) 6.309ms
[2019-05-08T11:32:25.273+0300][gc,cpu        ] GC(3) User=0.03s Sys=0.00s Real=0.01s
[2019-05-08T11:32:25.273+0300][gc            ] GC(4) Concurrent Cycle
[2019-05-08T11:32:25.273+0300][gc,marking    ] GC(4) Concurrent Clear Claimed Marks
[2019-05-08T11:32:25.273+0300][gc,marking    ] GC(4) Concurrent Clear Claimed Marks 0.048ms
[2019-05-08T11:32:25.273+0300][gc,marking    ] GC(4) Concurrent Scan Root Regions
[2019-05-08T11:32:25.277+0300][gc,marking    ] GC(4) Concurrent Scan Root Regions 3.281ms
[2019-05-08T11:32:25.277+0300][gc,marking    ] GC(4) Concurrent Mark (2.618s)
[2019-05-08T11:32:25.277+0300][gc,marking    ] GC(4) Concurrent Mark From Roots
[2019-05-08T11:32:25.277+0300][gc,task       ] GC(4) Using 2 workers of 2 for marking
[2019-05-08T11:32:25.283+0300][gc,marking    ] GC(4) Concurrent Mark From Roots 6.706ms
[2019-05-08T11:32:25.283+0300][gc,marking    ] GC(4) Concurrent Preclean
[2019-05-08T11:32:25.283+0300][gc,marking    ] GC(4) Concurrent Preclean 0.089ms
[2019-05-08T11:32:25.283+0300][gc,marking    ] GC(4) Concurrent Mark (2.618s, 2.624s) 6.893ms
[2019-05-08T11:32:25.284+0300][gc,start      ] GC(4) Pause Remark
[2019-05-08T11:32:25.287+0300][gc,stringtable] GC(4) Cleaned string and symbol table, strings: 13060 processed, 6 removed, symbols: 100747 processed, 28 removed
[2019-05-08T11:32:25.287+0300][gc            ] GC(4) Pause Remark 141M->141M(1024M) 3.021ms
[2019-05-08T11:32:25.287+0300][gc,cpu        ] GC(4) User=0.01s Sys=0.00s Real=0.00s
[2019-05-08T11:32:25.287+0300][gc,marking    ] GC(4) Concurrent Rebuild Remembered Sets
[2019-05-08T11:32:25.291+0300][gc,marking    ] GC(4) Concurrent Rebuild Remembered Sets 3.972ms
[2019-05-08T11:32:25.291+0300][gc,start      ] GC(4) Pause Cleanup
[2019-05-08T11:32:25.291+0300][gc            ] GC(4) Pause Cleanup 141M->141M(1024M) 0.155ms
[2019-05-08T11:32:25.291+0300][gc,cpu        ] GC(4) User=0.00s Sys=0.00s Real=0.00s
[2019-05-08T11:32:25.291+0300][gc,marking    ] GC(4) Concurrent Cleanup for Next Mark
[2019-05-08T11:32:25.299+0300][gc,marking    ] GC(4) Concurrent Cleanup for Next Mark 7.731ms
[2019-05-08T11:32:25.299+0300][gc            ] GC(4) Concurrent Cycle 25.936ms
[2019-05-08T11:36:44.687+0300][gc,start      ] GC(5) Pause Young (Normal) (G1 Evacuation Pause)
[2019-05-08T11:36:44.688+0300][gc,task       ] GC(5) Using 8 workers of 8 for evacuation
[2019-05-08T11:36:44.693+0300][gc,phases     ] GC(5)   Pre Evacuate Collection Set: 0.1ms
[2019-05-08T11:36:44.693+0300][gc,phases     ] GC(5)   Evacuate Collection Set: 4.9ms
[2019-05-08T11:36:44.693+0300][gc,phases     ] GC(5)   Post Evacuate Collection Set: 0.5ms
[2019-05-08T11:36:44.693+0300][gc,phases     ] GC(5)   Other: 0.7ms
[2019-05-08T11:36:44.693+0300][gc,heap       ] GC(5) Eden regions: 46->0(46)
[2019-05-08T11:36:44.693+0300][gc,heap       ] GC(5) Survivor regions: 5->5(7)
[2019-05-08T11:36:44.693+0300][gc,heap       ] GC(5) Old regions: 7->9
[2019-05-08T11:36:44.693+0300][gc,heap       ] GC(5) Humongous regions: 129->129
[2019-05-08T11:36:44.694+0300][gc,metaspace  ] GC(5) Metaspace: 40547K->40547K(1085440K)
[2019-05-08T11:36:44.694+0300][gc            ] GC(5) Pause Young (Normal) (G1 Evacuation Pause) 185M->141M(1024M) 6.301ms
[2019-05-08T11:36:44.694+0300][gc,cpu        ] GC(5) User=0.03s Sys=0.01s Real=0.01s
[2019-05-08T11:40:56.480+0300][gc,heap,exit  ] Heap
[2019-05-08T11:40:56.481+0300][gc,heap,exit  ]  garbage-first heap   total 1048576K, used 191415K [0x00000007c0000000, 0x0000000800000000)
[2019-05-08T11:40:56.481+0300][gc,heap,exit  ]   region size 1024K, 51 young (52224K), 5 survivors (5120K)
[2019-05-08T11:40:56.482+0300][gc,heap,exit  ]  Metaspace       used 43540K, capacity 45984K, committed 46204K, reserved 1089536K
[2019-05-08T11:40:56.482+0300][gc,heap,exit  ]   class space    used 5896K, capacity 7068K, committed 7116K, reserved 1048576K
