[2019-05-08T11:41:33.754+0300][gc,heap] Heap region size: 1M
[2019-05-08T11:41:33.767+0300][gc     ] Using G1
[2019-05-08T11:41:33.767+0300][gc,heap,coops] Heap address: 0x00000007c0000000, size: 1024 MB, Compressed Oops mode: Zero based, Oop shift amount: 3
[2019-05-08T11:41:34.988+0300][gc,start     ] GC(0) Pause Young (Concurrent Start) (Metadata GC Threshold)
[2019-05-08T11:41:34.988+0300][gc,task      ] GC(0) Using 8 workers of 8 for evacuation
[2019-05-08T11:41:34.999+0300][gc,phases    ] GC(0)   Pre Evacuate Collection Set: 0.0ms
[2019-05-08T11:41:34.999+0300][gc,phases    ] GC(0)   Evacuate Collection Set: 9.5ms
[2019-05-08T11:41:34.999+0300][gc,phases    ] GC(0)   Post Evacuate Collection Set: 0.5ms
[2019-05-08T11:41:34.999+0300][gc,phases    ] GC(0)   Other: 0.8ms
[2019-05-08T11:41:34.999+0300][gc,heap      ] GC(0) Eden regions: 37->0(45)
[2019-05-08T11:41:34.999+0300][gc,heap      ] GC(0) Survivor regions: 0->6(7)
[2019-05-08T11:41:34.999+0300][gc,heap      ] GC(0) Old regions: 0->0
[2019-05-08T11:41:34.999+0300][gc,heap      ] GC(0) Humongous regions: 0->0
[2019-05-08T11:41:34.999+0300][gc,metaspace ] GC(0) Metaspace: 20745K->20745K(1069056K)
[2019-05-08T11:41:34.999+0300][gc           ] GC(0) Pause Young (Concurrent Start) (Metadata GC Threshold) 37M->5M(1024M) 11.062ms
[2019-05-08T11:41:34.999+0300][gc,cpu       ] GC(0) User=0.03s Sys=0.00s Real=0.01s
[2019-05-08T11:41:34.999+0300][gc           ] GC(1) Concurrent Cycle
[2019-05-08T11:41:34.999+0300][gc,marking   ] GC(1) Concurrent Clear Claimed Marks
[2019-05-08T11:41:34.999+0300][gc,marking   ] GC(1) Concurrent Clear Claimed Marks 0.039ms
[2019-05-08T11:41:34.999+0300][gc,marking   ] GC(1) Concurrent Scan Root Regions
[2019-05-08T11:41:35.002+0300][gc,marking   ] GC(1) Concurrent Scan Root Regions 3.061ms
[2019-05-08T11:41:35.002+0300][gc,marking   ] GC(1) Concurrent Mark (1.258s)
[2019-05-08T11:41:35.002+0300][gc,marking   ] GC(1) Concurrent Mark From Roots
[2019-05-08T11:41:35.002+0300][gc,task      ] GC(1) Using 2 workers of 2 for marking
[2019-05-08T11:41:35.002+0300][gc,marking   ] GC(1) Concurrent Mark From Roots 0.251ms
[2019-05-08T11:41:35.002+0300][gc,marking   ] GC(1) Concurrent Preclean
[2019-05-08T11:41:35.003+0300][gc,marking   ] GC(1) Concurrent Preclean 0.054ms
[2019-05-08T11:41:35.003+0300][gc,marking   ] GC(1) Concurrent Mark (1.258s, 1.258s) 0.401ms
[2019-05-08T11:41:35.003+0300][gc,start     ] GC(1) Pause Remark
[2019-05-08T11:41:35.005+0300][gc,stringtable] GC(1) Cleaned string and symbol table, strings: 7306 processed, 0 removed, symbols: 63625 processed, 42 removed
[2019-05-08T11:41:35.006+0300][gc            ] GC(1) Pause Remark 6M->6M(1024M) 2.898ms
[2019-05-08T11:41:35.006+0300][gc,cpu        ] GC(1) User=0.01s Sys=0.00s Real=0.00s
[2019-05-08T11:41:35.006+0300][gc,marking    ] GC(1) Concurrent Rebuild Remembered Sets
[2019-05-08T11:41:35.006+0300][gc,marking    ] GC(1) Concurrent Rebuild Remembered Sets 0.083ms
[2019-05-08T11:41:35.006+0300][gc,start      ] GC(1) Pause Cleanup
[2019-05-08T11:41:35.006+0300][gc            ] GC(1) Pause Cleanup 6M->6M(1024M) 0.128ms
[2019-05-08T11:41:35.006+0300][gc,cpu        ] GC(1) User=0.00s Sys=0.00s Real=0.00s
[2019-05-08T11:41:35.006+0300][gc,marking    ] GC(1) Concurrent Cleanup for Next Mark
[2019-05-08T11:41:35.018+0300][gc,marking    ] GC(1) Concurrent Cleanup for Next Mark 11.623ms
[2019-05-08T11:41:35.018+0300][gc            ] GC(1) Concurrent Cycle 18.873ms
[2019-05-08T11:41:36.354+0300][gc,start      ] GC(2) Pause Young (Normal) (G1 Evacuation Pause)
[2019-05-08T11:41:36.354+0300][gc,task       ] GC(2) Using 8 workers of 8 for evacuation
[2019-05-08T11:41:36.361+0300][gc,phases     ] GC(2)   Pre Evacuate Collection Set: 0.0ms
[2019-05-08T11:41:36.361+0300][gc,phases     ] GC(2)   Evacuate Collection Set: 6.5ms
[2019-05-08T11:41:36.361+0300][gc,phases     ] GC(2)   Post Evacuate Collection Set: 0.5ms
[2019-05-08T11:41:36.361+0300][gc,phases     ] GC(2)   Other: 0.2ms
[2019-05-08T11:41:36.361+0300][gc,heap       ] GC(2) Eden regions: 45->0(48)
[2019-05-08T11:41:36.361+0300][gc,heap       ] GC(2) Survivor regions: 6->3(7)
[2019-05-08T11:41:36.361+0300][gc,heap       ] GC(2) Old regions: 0->6
[2019-05-08T11:41:36.361+0300][gc,heap       ] GC(2) Humongous regions: 129->129
[2019-05-08T11:41:36.361+0300][gc,metaspace  ] GC(2) Metaspace: 30286K->30286K(1077248K)
[2019-05-08T11:41:36.361+0300][gc            ] GC(2) Pause Young (Normal) (G1 Evacuation Pause) 179M->137M(1024M) 7.392ms
[2019-05-08T11:41:36.361+0300][gc,cpu        ] GC(2) User=0.04s Sys=0.01s Real=0.01s
[2019-05-08T11:41:36.754+0300][gc,start      ] GC(3) Pause Young (Concurrent Start) (Metadata GC Threshold)
[2019-05-08T11:41:36.754+0300][gc,task       ] GC(3) Using 8 workers of 8 for evacuation
[2019-05-08T11:41:36.760+0300][gc,phases     ] GC(3)   Pre Evacuate Collection Set: 0.1ms
[2019-05-08T11:41:36.760+0300][gc,phases     ] GC(3)   Evacuate Collection Set: 5.3ms
[2019-05-08T11:41:36.760+0300][gc,phases     ] GC(3)   Post Evacuate Collection Set: 0.3ms
[2019-05-08T11:41:36.760+0300][gc,phases     ] GC(3)   Other: 0.3ms
[2019-05-08T11:41:36.760+0300][gc,heap       ] GC(3) Eden regions: 25->0(46)
[2019-05-08T11:41:36.760+0300][gc,heap       ] GC(3) Survivor regions: 3->5(7)
[2019-05-08T11:41:36.760+0300][gc,heap       ] GC(3) Old regions: 6->6
[2019-05-08T11:41:36.760+0300][gc,heap       ] GC(3) Humongous regions: 129->129
[2019-05-08T11:41:36.760+0300][gc,metaspace  ] GC(3) Metaspace: 34479K->34479K(1081344K)
[2019-05-08T11:41:36.760+0300][gc            ] GC(3) Pause Young (Concurrent Start) (Metadata GC Threshold) 161M->139M(1024M) 6.176ms
[2019-05-08T11:41:36.760+0300][gc,cpu        ] GC(3) User=0.04s Sys=0.00s Real=0.01s
[2019-05-08T11:41:36.760+0300][gc            ] GC(4) Concurrent Cycle
[2019-05-08T11:41:36.760+0300][gc,marking    ] GC(4) Concurrent Clear Claimed Marks
[2019-05-08T11:41:36.760+0300][gc,marking    ] GC(4) Concurrent Clear Claimed Marks 0.047ms
[2019-05-08T11:41:36.760+0300][gc,marking    ] GC(4) Concurrent Scan Root Regions
[2019-05-08T11:41:36.764+0300][gc,marking    ] GC(4) Concurrent Scan Root Regions 3.738ms
[2019-05-08T11:41:36.764+0300][gc,marking    ] GC(4) Concurrent Mark (3.020s)
[2019-05-08T11:41:36.764+0300][gc,marking    ] GC(4) Concurrent Mark From Roots
[2019-05-08T11:41:36.764+0300][gc,task       ] GC(4) Using 2 workers of 2 for marking
[2019-05-08T11:41:36.772+0300][gc,marking    ] GC(4) Concurrent Mark From Roots 8.298ms
[2019-05-08T11:41:36.772+0300][gc,marking    ] GC(4) Concurrent Preclean
[2019-05-08T11:41:36.772+0300][gc,marking    ] GC(4) Concurrent Preclean 0.135ms
[2019-05-08T11:41:36.772+0300][gc,marking    ] GC(4) Concurrent Mark (3.020s, 3.028s) 8.562ms
[2019-05-08T11:41:36.773+0300][gc,start      ] GC(4) Pause Remark
[2019-05-08T11:41:36.777+0300][gc,stringtable] GC(4) Cleaned string and symbol table, strings: 11404 processed, 7 removed, symbols: 97130 processed, 28 removed
[2019-05-08T11:41:36.777+0300][gc            ] GC(4) Pause Remark 140M->140M(1024M) 3.753ms
[2019-05-08T11:41:36.777+0300][gc,cpu        ] GC(4) User=0.02s Sys=0.00s Real=0.00s
[2019-05-08T11:41:36.777+0300][gc,marking    ] GC(4) Concurrent Rebuild Remembered Sets
[2019-05-08T11:41:36.782+0300][gc,marking    ] GC(4) Concurrent Rebuild Remembered Sets 4.728ms
[2019-05-08T11:41:36.782+0300][gc,start      ] GC(4) Pause Cleanup
[2019-05-08T11:41:36.782+0300][gc            ] GC(4) Pause Cleanup 141M->141M(1024M) 0.190ms
[2019-05-08T11:41:36.782+0300][gc,cpu        ] GC(4) User=0.00s Sys=0.00s Real=0.00s
[2019-05-08T11:41:36.783+0300][gc,marking    ] GC(4) Concurrent Cleanup for Next Mark
[2019-05-08T11:41:36.791+0300][gc,marking    ] GC(4) Concurrent Cleanup for Next Mark 8.291ms
[2019-05-08T11:41:36.791+0300][gc            ] GC(4) Concurrent Cycle 30.847ms
[2019-05-08T11:42:24.837+0300][gc,start      ] GC(5) Pause Young (Normal) (G1 Evacuation Pause)
[2019-05-08T11:42:24.837+0300][gc,task       ] GC(5) Using 8 workers of 8 for evacuation
[2019-05-08T11:42:24.842+0300][gc,phases     ] GC(5)   Pre Evacuate Collection Set: 0.0ms
[2019-05-08T11:42:24.842+0300][gc,phases     ] GC(5)   Evacuate Collection Set: 5.1ms
[2019-05-08T11:42:24.842+0300][gc,phases     ] GC(5)   Post Evacuate Collection Set: 0.6ms
[2019-05-08T11:42:24.843+0300][gc,phases     ] GC(5)   Other: 0.2ms
[2019-05-08T11:42:24.843+0300][gc,heap       ] GC(5) Eden regions: 46->0(46)
[2019-05-08T11:42:24.843+0300][gc,heap       ] GC(5) Survivor regions: 5->5(7)
[2019-05-08T11:42:24.843+0300][gc,heap       ] GC(5) Old regions: 6->8
[2019-05-08T11:42:24.843+0300][gc,heap       ] GC(5) Humongous regions: 147->129
[2019-05-08T11:42:24.843+0300][gc,metaspace  ] GC(5) Metaspace: 41657K->41657K(1087488K)
[2019-05-08T11:42:24.843+0300][gc            ] GC(5) Pause Young (Normal) (G1 Evacuation Pause) 203M->141M(1024M) 6.067ms
[2019-05-08T11:42:24.843+0300][gc,cpu        ] GC(5) User=0.04s Sys=0.00s Real=0.01s
[2019-05-08T11:50:37.511+0300][gc,start      ] GC(6) Pause Young (Normal) (G1 Evacuation Pause)
[2019-05-08T11:50:37.511+0300][gc,task       ] GC(6) Using 8 workers of 8 for evacuation
[2019-05-08T11:50:37.519+0300][gc,phases     ] GC(6)   Pre Evacuate Collection Set: 0.1ms
[2019-05-08T11:50:37.519+0300][gc,phases     ] GC(6)   Evacuate Collection Set: 6.3ms
[2019-05-08T11:50:37.519+0300][gc,phases     ] GC(6)   Post Evacuate Collection Set: 0.6ms
[2019-05-08T11:50:37.519+0300][gc,phases     ] GC(6)   Other: 0.3ms
[2019-05-08T11:50:37.519+0300][gc,heap       ] GC(6) Eden regions: 46->0(46)
[2019-05-08T11:50:37.519+0300][gc,heap       ] GC(6) Survivor regions: 5->5(7)
[2019-05-08T11:50:37.519+0300][gc,heap       ] GC(6) Old regions: 8->11
[2019-05-08T11:50:37.519+0300][gc,heap       ] GC(6) Humongous regions: 129->129
[2019-05-08T11:50:37.519+0300][gc,metaspace  ] GC(6) Metaspace: 42725K->42725K(1087488K)
[2019-05-08T11:50:37.519+0300][gc            ] GC(6) Pause Young (Normal) (G1 Evacuation Pause) 187M->143M(1024M) 7.461ms
[2019-05-08T11:50:37.519+0300][gc,cpu        ] GC(6) User=0.05s Sys=0.01s Real=0.00s
[2019-05-08T12:01:29.377+0300][gc,start      ] GC(7) Pause Young (Normal) (G1 Evacuation Pause)
[2019-05-08T12:01:29.379+0300][gc,task       ] GC(7) Using 8 workers of 8 for evacuation
[2019-05-08T12:01:29.384+0300][gc,phases     ] GC(7)   Pre Evacuate Collection Set: 0.0ms
[2019-05-08T12:01:29.384+0300][gc,phases     ] GC(7)   Evacuate Collection Set: 4.4ms
[2019-05-08T12:01:29.384+0300][gc,phases     ] GC(7)   Post Evacuate Collection Set: 0.6ms
[2019-05-08T12:01:29.384+0300][gc,phases     ] GC(7)   Other: 2.1ms
[2019-05-08T12:01:29.384+0300][gc,heap       ] GC(7) Eden regions: 46->0(49)
[2019-05-08T12:01:29.384+0300][gc,heap       ] GC(7) Survivor regions: 5->2(7)
[2019-05-08T12:01:29.384+0300][gc,heap       ] GC(7) Old regions: 11->13
[2019-05-08T12:01:29.384+0300][gc,heap       ] GC(7) Humongous regions: 129->129
[2019-05-08T12:01:29.384+0300][gc,metaspace  ] GC(7) Metaspace: 42887K->42887K(1087488K)
[2019-05-08T12:01:29.384+0300][gc            ] GC(7) Pause Young (Normal) (G1 Evacuation Pause) 189M->143M(1024M) 7.291ms
[2019-05-08T12:01:29.384+0300][gc,cpu        ] GC(7) User=0.03s Sys=0.00s Real=0.01s
[2019-05-08T12:27:38.737+0300][gc,start      ] GC(8) Pause Young (Normal) (G1 Evacuation Pause)
[2019-05-08T12:27:38.738+0300][gc,task       ] GC(8) Using 8 workers of 8 for evacuation
[2019-05-08T12:27:38.741+0300][gc,phases     ] GC(8)   Pre Evacuate Collection Set: 0.0ms
[2019-05-08T12:27:38.741+0300][gc,phases     ] GC(8)   Evacuate Collection Set: 2.7ms
[2019-05-08T12:27:38.741+0300][gc,phases     ] GC(8)   Post Evacuate Collection Set: 0.5ms
[2019-05-08T12:27:38.741+0300][gc,phases     ] GC(8)   Other: 0.7ms
[2019-05-08T12:27:38.741+0300][gc,heap       ] GC(8) Eden regions: 49->0(48)
[2019-05-08T12:27:38.741+0300][gc,heap       ] GC(8) Survivor regions: 2->3(7)
[2019-05-08T12:27:38.741+0300][gc,heap       ] GC(8) Old regions: 13->13
[2019-05-08T12:27:38.741+0300][gc,heap       ] GC(8) Humongous regions: 129->129
[2019-05-08T12:27:38.741+0300][gc,metaspace  ] GC(8) Metaspace: 43203K->43203K(1087488K)
[2019-05-08T12:27:38.741+0300][gc            ] GC(8) Pause Young (Normal) (G1 Evacuation Pause) 192M->143M(1024M) 4.006ms
[2019-05-08T12:27:38.741+0300][gc,cpu        ] GC(8) User=0.02s Sys=0.00s Real=0.01s
