[2019-05-08T11:41:31.238+0300][gc,heap] Heap region size: 1M
[2019-05-08T11:41:31.245+0300][gc     ] Using G1
[2019-05-08T11:41:31.245+0300][gc,heap,coops] Heap address: 0x00000007e0000000, size: 512 MB, Compressed Oops mode: Zero based, Oop shift amount: 3
[2019-05-08T11:58:30.266+0300][gc,start     ] GC(0) Pause Young (Normal) (G1 Evacuation Pause)
[2019-05-08T11:58:30.273+0300][gc,task      ] GC(0) Using 8 workers of 8 for evacuation
[2019-05-08T11:58:30.300+0300][gc,mmu       ] GC(0) MMU target violated: 21.0ms (20.0ms/21.0ms)
[2019-05-08T11:58:30.300+0300][gc,phases    ] GC(0)   Pre Evacuate Collection Set: 0.7ms
[2019-05-08T11:58:30.300+0300][gc,phases    ] GC(0)   Evacuate Collection Set: 25.5ms
[2019-05-08T11:58:30.300+0300][gc,phases    ] GC(0)   Post Evacuate Collection Set: 0.5ms
[2019-05-08T11:58:30.300+0300][gc,phases    ] GC(0)   Other: 6.8ms
[2019-05-08T11:58:30.300+0300][gc,heap      ] GC(0) Eden regions: 25->0(21)
[2019-05-08T11:58:30.300+0300][gc,heap      ] GC(0) Survivor regions: 0->4(4)
[2019-05-08T11:58:30.300+0300][gc,heap      ] GC(0) Old regions: 0->2
[2019-05-08T11:58:30.300+0300][gc,heap      ] GC(0) Humongous regions: 0->0
[2019-05-08T11:58:30.300+0300][gc,metaspace ] GC(0) Metaspace: 15178K->15178K(1062912K)
[2019-05-08T11:58:30.300+0300][gc           ] GC(0) Pause Young (Normal) (G1 Evacuation Pause) 25M->5M(512M) 33.626ms
[2019-05-08T11:58:30.300+0300][gc,cpu       ] GC(0) User=0.03s Sys=0.09s Real=0.04s
[2019-05-08T12:05:30.929+0300][gc,heap,exit ] Heap
[2019-05-08T12:05:30.929+0300][gc,heap,exit ]  garbage-first heap   total 524288K, used 6357K [0x00000007e0000000, 0x0000000800000000)
[2019-05-08T12:05:30.929+0300][gc,heap,exit ]   region size 1024K, 6 young (6144K), 4 survivors (4096K)
[2019-05-08T12:05:30.929+0300][gc,heap,exit ]  Metaspace       used 15191K, capacity 15513K, committed 15744K, reserved 1062912K
[2019-05-08T12:05:30.929+0300][gc,heap,exit ]   class space    used 1519K, capacity 1636K, committed 1664K, reserved 1048576K
